../Core/Src/main.c:71:9:calc_SAE_J1850	40	static
../Core/Src/main.c:101:6:leds_Blinking	16	static
../Core/Src/main.c:114:6:CAN_Respone	8	static
../Core/Src/main.c:126:6:CAN_CheckRespone	16	static
../Core/Src/main.c:143:6:HAL_CAN_RxFifo1MsgPendingCallback	16	static
../Core/Src/main.c:159:5:main	8	static
../Core/Src/main.c:211:6:SystemClock_Config	72	static
../Core/Src/main.c:251:13:MX_CAN_Init	8	static
../Core/Src/main.c:288:13:MX_USART1_UART_Init	8	static
../Core/Src/main.c:321:13:MX_GPIO_Init	40	static
../Core/Src/main.c:354:6:Error_Handler	4	static,ignoring_inline_asm
