../Core/Src/main.c:73:9:calc_SAE_J1850	40	static
../Core/Src/main.c:102:6:CAN_Transmit	8	static
../Core/Src/main.c:121:6:HAL_CAN_RxFifo1MsgPendingCallback	16	static
../Core/Src/main.c:131:6:HAL_TIM_PeriodElapsedCallback	16	static
../Core/Src/main.c:144:5:main	8	static
../Core/Src/main.c:200:6:SystemClock_Config	72	static
../Core/Src/main.c:240:13:MX_CAN_Init	8	static
../Core/Src/main.c:277:13:MX_TIM2_Init	32	static
../Core/Src/main.c:322:13:MX_USART1_UART_Init	8	static
../Core/Src/main.c:355:13:MX_GPIO_Init	16	static
../Core/Src/main.c:370:5:_write	24	static
../Core/Src/main.c:393:6:Error_Handler	4	static,ignoring_inline_asm
